"SELECT COUNT(*) AS num_items FROM (
SELECT \"category\".\"id\", \"category\".\"name\", \"category\".\"created_at\", \"category\".\"updated_at\", COUNT(\"article\".\"id\") AS \"article_count\" FROM \"category\" 
LEFT JOIN \"category\" ON \"article\".\"category_id\" = \"category\".\"id\" GROUP BY \"category\".\"id\") AS \"sub_query\"", values: Some(Values([])), db_backend: Postgres }}:query_one{self=SqlxPostgresPoolConnection { pool: Pool { size: 2, num_idle: 2, is_closed: false, options: PoolOptions { max_connections: 10, min_connections: 0, connect_timeout: 30s, max_lifetime: Some(1800s), idle_timeout: Some(600s), test_before_acquire: true } } } stmt=Statement { sql: "SELECT COUNT(*) AS num_items FROM (SELECT \"category\".\"id\", \"category\".\"name\", \"category\".\"created_at\", \"category\".\"updated_at\", COUNT(\"article\".\"id\") AS \"article_count\" FROM \"category\" LEFT JOIN \"category\" ON \"article\".\"category_id\" = \"category\".\"id\" GROUP BY \"category\".\"id\") AS \"sub_query\"", values: Some(Values([])), db_backend: Postgres }}: sqlx::query: summary="SELECT COUNT(*) AS num_items …" db.statement="\n\nSELECT\n  COUNT(*) AS num_items\nFROM\n  (\n    SELECT\n      \"category\".\"id\",\n      \"category\".\"name\",\n      \"category\".\"created_at\",\n      \"category\".\"updated_at\",\n      COUNT(\"article\".\"id\") AS \"article_count\"\n    FROM\n      \"category\"\n      LEFT JOIN \"category\" ON \"article\".\"category_id\" = \"category\".\"id\"\n    GROUP BY\n      \"category\".\"id\"\n  ) AS \"sub_query\"\n" rows_affected=0 rows_returned=0 elapsed=1.398012ms